00:08:25.160 [AWT-EventQueue-0] INFO  c.b.actions.EnableBrowserStack - Setting enable browserstack run update
00:08:25.171 [AWT-EventQueue-0] INFO  c.b.actions.DisableBrowserStack - Setting disable browserstack run update
00:08:31.176 [AWT-EventQueue-0] INFO  c.b.actions.EnableBrowserStack - Setting enable browserstack run update
00:08:31.185 [AWT-EventQueue-0] INFO  c.b.actions.DisableBrowserStack - Setting disable browserstack run update
00:08:49.221 [AWT-EventQueue-0] INFO  c.b.actions.EnableBrowserStack - Setting enable browserstack run update
00:08:49.228 [AWT-EventQueue-0] INFO  c.b.actions.DisableBrowserStack - Setting disable browserstack run update
00:12:36.734 [AWT-EventQueue-0] INFO  c.b.actions.DisableBrowserStack - Setting disable browserstack run update
00:12:36.748 [AWT-EventQueue-0] INFO  c.b.actions.EnableBrowserStack - Setting enable browserstack run update
00:15:29.867 [AWT-EventQueue-0] INFO  c.b.actions.DisableBrowserStack - Setting disable browserstack run update
00:15:29.871 [AWT-EventQueue-0] INFO  com.browserstack.utils.Helpers - /Users/siddhirao/.m2/repository/com/browserstack/browserstack-java-sdk/1.13.0/browserstack-java-sdk-1.13.0.jar
00:15:29.871 [AWT-EventQueue-0] INFO  com.browserstack.utils.Helpers - null
00:15:29.876 [AWT-EventQueue-0] INFO  c.b.actions.EnableBrowserStack - Setting enable browserstack run update
00:15:29.877 [AWT-EventQueue-0] INFO  com.browserstack.utils.Helpers - /Users/siddhirao/.m2/repository/com/browserstack/browserstack-java-sdk/1.13.0/browserstack-java-sdk-1.13.0.jar
00:15:29.877 [AWT-EventQueue-0] INFO  com.browserstack.utils.Helpers - null
01:17:50.354 [AWT-EventQueue-0] INFO  c.b.actions.EnableBrowserStack - Setting enable browserstack run update
01:17:50.369 [AWT-EventQueue-0] INFO  c.b.actions.DisableBrowserStack - Setting disable browserstack run update
01:18:41.539 [AWT-EventQueue-0] INFO  c.b.launchers.LaunchMavenCommand - Integrate source: java:appium-intellij:v1.1.2
01:18:41.541 [AWT-EventQueue-0] INFO  c.b.launchers.LaunchMavenCommand - Executing maven archetype command - browserstack-sdk-archetype-integrate
01:18:42.265 [ApplicationImpl pooled thread 250] INFO  c.b.l.BrowserStackRunExtension - maven
01:18:42.265 [ApplicationImpl pooled thread 250] INFO  com.browserstack.utils.Helpers - null
01:18:53.796 [java] INFO  c.b.launchers.LaunchMavenCommand - Completed maven archetype command
17:52:07.514 [AWT-EventQueue-0] INFO  c.b.actions.DisableBrowserStack - Setting disable browserstack run update
17:52:07.518 [AWT-EventQueue-0] INFO  com.browserstack.utils.Helpers - /Users/siddhirao/.m2/repository/com/browserstack/browserstack-java-sdk/1.13.0/browserstack-java-sdk-1.13.0.jar
17:52:07.518 [AWT-EventQueue-0] INFO  com.browserstack.utils.Helpers - true
17:52:07.526 [AWT-EventQueue-0] INFO  c.b.actions.EnableBrowserStack - Setting enable browserstack run update
17:52:07.526 [AWT-EventQueue-0] INFO  com.browserstack.utils.Helpers - /Users/siddhirao/.m2/repository/com/browserstack/browserstack-java-sdk/1.13.0/browserstack-java-sdk-1.13.0.jar
17:52:07.526 [AWT-EventQueue-0] INFO  com.browserstack.utils.Helpers - true
17:52:28.243 [AWT-EventQueue-0] INFO  c.b.launchers.LaunchMavenCommand - Integrate source: java:appium-intellij:v1.1.2
17:52:28.245 [AWT-EventQueue-0] INFO  c.b.launchers.LaunchMavenCommand - Executing maven archetype command - browserstack-sdk-archetype-integrate
17:52:28.399 [ApplicationImpl pooled thread 37] INFO  c.b.l.BrowserStackRunExtension - maven
17:52:28.399 [ApplicationImpl pooled thread 37] INFO  com.browserstack.utils.Helpers - true
17:52:39.160 [java] INFO  c.b.launchers.LaunchMavenCommand - Completed maven archetype command
